Windows PowerShell
Copyright (C) Microsoft Corporation. All rights reserved.     

PS C:\Daily\MK Nets Training> git init                        
Initialized empty Git repository in C:/Daily/MK Nets Training/.git/
PS C:\Daily\MK Nets Training> git init                      g/
Reinitialized existing Git repository in C:/Daily/MK Nets Training/.git/
PS C:\Daily\MK Nets Training> git add .
PS C:\Daily\MK Nets Training> git commit -m
error: switch `m' requires a value
PS C:\Daily\MK Nets Training> git commit -m "Lec-3"
Author identity unknown

*** Please tell me who you are.


  git config --global user.email "you@example.com"
  git config --global user.name "Your Name"

to set your account's default identity.
Omit --global to set the identity only in this repository.  

fatal: unable to auto-detect email address (got 'T440S@DESKTOP-231EB2A.(none)')
PS C:\Daily\MK Nets Training> git commit -m "Lec3" 
Author identity unknown

*** Please tell me who you are.


  git config --global user.email "you@example.com"
  git config --global user.name "Your Name"

to set your account's default identity.
Omit --global to set the identity only in this repository.  

fatal: unable to auto-detect email address (got 'T440S@DESKTOP-231EB2A.(none)')
PS C:\Daily\MK Nets Training> git push -u origin main       
error: src refspec main does not match any
error: failed to push some refs to 'origin'
PS C:\Daily\MK Nets Training> 